
### [family] RASopathies[ti] AND Tidyman[au]
[pubmed] fetched 5/5
  27942422 2016 Current genetic medicine repor | Expansion of the RASopathies.
  27412009 2016 Human molecular genetics | Pathogenetics of the RASopathies.
  38847227 2024 Disease models & mechanisms | RASopathies - what they reveal about RAS/MAPK signaling in skeletal muscle development.
  22907230 2012 Muscle & nerve | Peripheral muscle weakness in RASopathies.
  19467855 2009 Current opinion in genetics &  | The RASopathies: developmental syndromes of Ras/MAPK pathway dysregulation.

### [family] RASopathies[ti] AND Rauen KA[au]
[pubmed] fetched 5/5
  23875798 2013 Annual review of genomics and  | The RASopathies.
  37969032 2024 American journal of medical ge | The 8th International RASopathies Symposium: Expanding research and care practice through global collaboration and advocacy.
  41834696 2026 American journal of medical ge | The 9th International RASopathies Symposium.
  26203125 2015 Disease models & mechanisms | RASopathies: unraveling mechanisms with animal models.
  27942422 2016 Current genetic medicine repor | Expansion of the RASopathies.
  27412009 2016 Human molecular genetics | Pathogenetics of the RASopathies.
  38847227 2024 Disease models & mechanisms | RASopathies - what they reveal about RAS/MAPK signaling in skeletal muscle development.
  24101678 2014 Journal of medical genetics | Autism traits in the RASopathies.

### [family] RASopathy[ti] AND Tajan M[au]
[pubmed] fetched 1/1
  29924299 2018 Endocrine reviews | The RASopathy Family: Consequences of Germline Activation of the RAS/MAPK Pathway.

### [family] RASopathy[tiab] AND ClinGen[tiab] AND gene curation[tiab]
[pubmed] fetched 2/2
  40496714 2025 Genetics in medicine open | Updated ACMG/AMP specifications for variant interpretation and gene curations from the ClinGen RASopathy expert panels.
  30311384 2018 Human mutation | Assessing the gene-disease association of 19 genes with the RASopathies using the ClinGen gene curation framework.

### [ptpn11] PTPN11[ti] AND Noonan[ti] AND Tartaglia M[au] AND 2001[dp]
[pubmed] fetched 1/1
  11704759 2001 Nature genetics | Mutations in PTPN11, encoding the protein tyrosine phosphatase SHP-2, cause Noonan syndrome.

### [ptpn11] PTPN11[tiab] AND Tartaglia M[au] AND functional consequences[ti]
[pubmed] fetched 1/1
  16358218 2006 American journal of human gene | Diversity and functional consequences of germline and somatic PTPN11 mutations in human disease.

### [ptpn11] LEOPARD[ti] AND Kontaridis MI[au]
[pubmed] fetched 5/5
  22681964 2011 Trends in cardiovascular medic | PTPN11-associated mutations in the heart: has LEOPARD changed Its RASpots?
  24865967 2014 Molecular and cellular biology | PZR coordinates Shp2 Noonan and LEOPARD syndrome signaling in zebrafish and mice.
  16377799 2006 The Journal of biological chem | PTPN11 (Shp2) mutations in LEOPARD syndrome have dominant negative, not activating, effects.
  20493809 2010 Developmental cell | Phosphatase-dependent and -independent functions of Shp2 in neural crest cells underlie LEOPARD syndrome pathogenesis.
  21339643 2011 The Journal of clinical invest | Rapamycin reverses hypertrophic cardiomyopathy in a mouse model of LEOPARD syndrome-associated PTPN11 mutation.

### [ptpn11] LEOPARD syndrome[tiab] AND SHP2[tiab] AND catalytic activity[tiab]
[pubmed] fetched 6/6
  16358218 2006 American journal of human gene | Diversity and functional consequences of germline and somatic PTPN11 mutations in human disease.
  24718990 2014 Development (Cambridge, Englan | Noonan and LEOPARD syndrome Shp2 variants induce heart displacement defects in zebrafish.
  41479460 2025 ArXiv | Understanding Molecular Basis of PTPN11-Related Diseases.
  26742426 2016 Biochemical and biophysical re | Determination of the catalytic activity of LEOPARD syndrome-associated SHP2 mutants toward parafibromin, a bona fide SHP2 substrate involved
  25039348 2014 Current cancer drug targets | Structure, function, and pathogenesis of SHP2 in developmental disorders and tumorigenesis.
  24935154 2014 Biochemistry | Molecular basis of gain-of-function LEOPARD syndrome-associated SHP2 mutations.
  16638574 2006 FEBS letters | Reduced phosphatase activity of SHP-2 in LEOPARD syndrome: consequences for PI3K binding on Gab1.
  21339643 2011 The Journal of clinical invest | Rapamycin reverses hypertrophic cardiomyopathy in a mouse model of LEOPARD syndrome-associated PTPN11 mutation.

### [ptpn11] metachondromatosis[ti] AND PTPN11[tiab]
[pubmed] fetched 8/8
  39027184 2024 Revista brasileira de ortopedi | Metachondromatosis: A Confusing Disease.
  26984661 2016 Acta orthopaedica Belgica | Exostoses, enchondromatosis and metachondromatosis; diagnosis and management.
  24432109 2013 Journal of children's orthopae | Metachondromatosis: more than just multiple osteochondromas.
  23863940 2013 Nature | Ptpn11 deletion in a novel progenitor causes metachondromatosis by inducing hedgehog signalling.
  21533187 2011 PLoS genetics | Loss-of-function mutations in PTPN11 cause metachondromatosis, but not Ollier disease or Maffucci syndrome.
  29373887 2017 Acta medica Iranica | Chondrosarcoma in Metachondromatosis: A Rare Case Report.
  29252664 2016 JBJS case connector | Metachondromatosis without Enchondromas: A Case Report and Review of the Literature.
  35112464 2022 American journal of medical ge | Postzygotic mosaicism of a novel PTPN11 mutation in monozygotic twins discordant for metachondromatosis.

### [ptpn11] rapamycin[tiab] AND LEOPARD[tiab] AND cardiomyopathy[tiab]
[pubmed] fetched 5/5
  29525650 2018 Heart failure clinics | Clinical Presentation and Natural History of Hypertrophic Cardiomyopathy in RASopathies.
  21339643 2011 The Journal of clinical invest | Rapamycin reverses hypertrophic cardiomyopathy in a mouse model of LEOPARD syndrome-associated PTPN11 mutation.
  29021349 2017 Circulation. Heart failure | Activation of Autophagy Ameliorates Cardiomyopathy in Mybpc3-Targeted Knockin Mice.
  31722741 2019 Orphanet journal of rare disea | mTOR pathway in human cardiac hypertrophy caused by LEOPARD syndrome: a different role compared with animal models?
  23673659 2013 The Journal of biological chem | New approaches to prevent LEOPARD syndrome-associated cardiac hypertrophy by specifically targeting Shp2-dependent signaling.
  22058153 2012 American journal of physiology | The PTPN11 loss-of-function mutation Q510E-Shp2 causes hypertrophic cardiomyopathy by dysregulating mTOR signaling.

### [sos1_raf1] SOS1[ti] AND Noonan[ti] AND 2007[dp]
[pubmed] fetched 3/3
  17143282 2007 Nature genetics | Gain-of-function SOS1 mutations cause a distinctive form of Noonan syndrome.
  17143285 2007 Nature genetics | Germline gain-of-function mutations in SOS1 cause Noonan syndrome.
  17586837 2007 Journal of medical genetics | SOS1 is the second most common Noonan gene but plays no major role in cardio-facio-cutaneous syndrome.

### [sos1_raf1] RAF1[ti] AND Noonan[ti] AND 2007[dp]
[pubmed] fetched 2/2
  17603483 2007 Nature genetics | Gain-of-function RAF1 mutations cause Noonan and LEOPARD syndromes with hypertrophic cardiomyopathy.
  17603482 2007 Nature genetics | Germline gain-of-function mutations in RAF1 cause Noonan syndrome.

### [braf_mek_kras_hras] cardio-facio-cutaneous[ti] AND 2006[dp] AND (BRAF[tiab] OR MEK1[tiab])
[pubmed] fetched 3/3
  16474404 2006 Nature genetics | Germline KRAS and BRAF mutations in cardio-facio-cutaneous syndrome.
  16439621 2006 Science (New York, N.Y.) | Germline mutations in genes within the MAPK pathway cause cardio-facio-cutaneous syndrome.
  16804887 2006 American journal of medical ge | Distinguishing Costello versus cardio-facio-cutaneous syndrome: BRAF mutations in patients with a Costello phenotype.

### [braf_mek_kras_hras] KRAS[ti] AND Noonan[ti] AND Schubbert S[au]
[pubmed] fetched 1/1
  16474405 2006 Nature genetics | Germline KRAS mutations cause Noonan syndrome.

### [braf_mek_kras_hras] HRAS[ti] AND Costello[ti] AND Aoki Y[au]
[pubmed] fetched 5/5
  16329078 2006 American journal of medical ge | HRAS mutation analysis in Costello syndrome: genotype and phenotype correlation.
  32792500 2020 Cell death & disease | Costello syndrome model mice with a HrasG12S/+ mutation are susceptible to develop house dust mite-induced atopic dermatitis.
  34618388 2022 Human mutation | Duplications in the G3 domain or switch II region in HRAS identified in patients with Costello syndrome.
  21850009 2011 Journal of human genetics | HRAS mutants identified in Costello syndrome patients can induce cellular senescence: possible implications for the pathogenesis of Costello
  16170316 2005 Nature genetics | Germline mutations in HRAS proto-oncogene cause Costello syndrome.

### [nf1] neurofibromin[tiab] AND GTPase-activating[tiab] AND Ras[tiab] AND neurofibromatosis type 1[tiab] AND review[pt]
[pubmed] fetched 8/8
  33121128 2020 Cells | Neurofibromin Structure, Functions and Regulation.
  26860753 2016 Seminars in cell & development | Neurofibromatosis type 1: Fundamental insights into cell signalling and cancer.
  12296648 2002 Journal of neurosurgery | Aberrant G protein signaling in nervous system tumors.
  7670656 1995 Brain pathology (Zurich, Switz | Neurofibromatosis type 1: pathology, clinical features and molecular genetics.
  8825042 1996 Journal of medical genetics | Molecular genetics of neurofibromatosis type 1 (NF1).
  16797490 2006 Biochemical pharmacology | Molecular targets for emerging anti-tumor therapies for neurofibromatosis type 1.
  17351482 2007 Current opinion in neurology | Recent developments in neurofibromatosis type 1.
  27622733 2017 Experimental dermatology | Neurofibromatosis type 1 (NF1) gene: Beyond café au lait spots and dermal neurofibromas.

### [nf1] neurofibromatosis-Noonan syndrome[ti] AND NF1[tiab]
[pubmed] fetched 8/8
  40289159 2025 Orphanet journal of rare disea | Neurofibromatosis-Noonan syndrome: a prospective monocentric study of 26 patients and literature review.
  7501563 1995 Pediatric dermatology | Neurofibromatosis-Noonan syndrome.
  36803953 2023 Human genomics | Neurofibromatosis-Noonan syndrome and growth deficiency in an Iranian girl due to a pathogenic variant in NF1 gene.
  28971455 2017 Advances in experimental medic | Neurofibromatosis-Noonan Syndrome: A Possible Paradigm of the Combination of Genetic and Epigenetic Factors.
  37602003 2023 Cureus | Neurofibromatosis-Noonan Syndrome With Primary Amenorrhoea: A Case Report.
  39643432 2025 Journal of medical genetics | Portraying the full picture of Neurofibromatosis-Noonan syndrome: a systematic review of literature.
  19449407 2009 American journal of medical ge | Independent NF1 and PTPN11 mutations in a family with neurofibromatosis-Noonan syndrome.
  16380919 2005 American journal of human gene | NF1 gene mutations represent the major molecular event underlying neurofibromatosis-Noonan syndrome.

### [shoc2_cbl_rit1_lztr1] SHOC2[ti] AND Cordeddu V[au]
[pubmed] fetched 4/4
  35348676 2022 Human molecular genetics | Expanding the molecular spectrum of pathogenic SHOC2 variants underlying Mazzanti syndrome.
  27466182 2016 Human molecular genetics | SHOC2 subcellular shuttling requires the KEKE motif-rich region and N-terminal leucine-rich repeat domain and impacts on ERK signalling.
  19684605 2009 Nature genetics | Mutation of SHOC2 promotes aberrant protein N-myristoylation and causes Noonan-like syndrome with loose anagen hair.
  24458587 2014 American journal of medical ge | Hydrops fetalis in a preterm newborn heterozygous for the c.4A>G SHOC2 mutation.

### [shoc2_cbl_rit1_lztr1] CBL[ti] AND Noonan[tiab] AND 2010[dp]
[pubmed] fetched 3/3
  20694012 2010 Nature genetics | Germline CBL mutations cause developmental abnormalities and predispose to juvenile myelomonocytic leukemia.
  20619386 2010 American journal of human gene | Heterozygous germline mutations in the CBL tumor-suppressor gene cause a Noonan syndrome-like phenotype.
  21276471 2011 Annales de dermatologie et de  | [A new "rasopathy": mutation in the CBL tumour-suppressor gene in neuro-cardio-facio-cutaneous syndrome similar to Noonan syndrome].

### [shoc2_cbl_rit1_lztr1] RIT1[ti] AND Noonan[ti] AND Aoki Y[au]
[pubmed] fetched 4/4
  30898653 2019 EBioMedicine | New Noonan syndrome model mice with RIT1 mutation exhibit cardiac hypertrophy and susceptibility to β-adrenergic stimulation-induced cardiac
  41388936 2025 Molecular genetics & genomic m | Phenotypic Analysis of Embryos in a Noonan Syndrome Model Mouse With the Rit1 A57G Mutation.
  26714497 2016 Human genetics | Spectrum of mutations and genotype-phenotype analysis in Noonan syndrome patients with RIT1 mutations.
  23791108 2013 American journal of human gene | Gain-of-function mutations in RIT1 cause Noonan syndrome, a RAS/MAPK pathway syndrome.

### [shoc2_cbl_rit1_lztr1] LZTR1[ti] AND RAS[ti] AND ubiquitination[ti]
[pubmed] fetched 2/2
  30442762 2018 Science (New York, N.Y.) | Mutations in LZTR1 drive human disease by dysregulating RAS ubiquitination.
  30442766 2018 Science (New York, N.Y.) | LZTR1 is a regulator of RAS ubiquitination and signaling.

### [shoc2_cbl_rit1_lztr1] LZTR1[ti] AND Noonan[tiab] AND (dominant[tiab] OR recessive[tiab] OR biallelic[tiab])
[pubmed] fetched 8/8
  30859559 2019 Clinical genetics | Delineation of dominant and recessive forms of LZTR1-associated Noonan syndrome.
  29469822 2018 Genetics in medicine : officia | Autosomal recessive Noonan syndrome associated with biallelic LZTR1 variants.
  30481304 2019 Human molecular genetics | Dominant Noonan syndrome-causing LZTR1 mutations specifically affect the Kelch domain substrate-recognition surface and enhance RAS-MAPK sig
  25795793 2015 Journal of medical genetics | Rare variants in SOS2 and LZTR1 are associated with Noonan syndrome.
  39062695 2024 Genes | Phenotypic Expansion of Autosomal Dominant LZTR1-Related Disorders with Special Emphasis on Adult-Onset Features.
  39140257 2024 Genetics in medicine : officia | Heterozygosity for loss-of-function variants in LZTR1 is associated with isolated multiple café-au-lait macules.
  39003740 2024 Cell reports | Mutation-induced LZTR1 polymerization provokes cardiac pathology in recessive Noonan syndrome.
  30368668 2019 Human genetics | Delineation of LZTR1 mutation-positive patients with Noonan syndrome and identification of LZTR1 binding to RAF1-PPP1CB complexes.

### [therapy] selumetinib[ti] AND plexiform[ti] AND Gross AM[au]
[pubmed] fetched 8/8
  32187457 2020 The New England journal of med | Selumetinib in Children with Inoperable Plexiform Neurofibromas.
  37115514 2023 Neuro-oncology | Long-term safety and efficacy of selumetinib in children with neurofibromatosis type 1 on a phase 1/2 trial for inoperable plexiform neurofi
  39762421 2025 Nature medicine | Selumetinib in adults with NF1 and inoperable plexiform neurofibroma: a phase 2 trial.
  35467749 2022 Neuro-oncology | Selumetinib in children with neurofibromatosis type 1 and asymptomatic inoperable plexiform neurofibroma at risk for developing tumor-relate
  38869947 2024 Future oncology (London, Engla | Selumetinib for children with neurofibromatosis type 1 and plexiform neurofibromas: A plain language summary of SPRINT.
  40709016 2025 Neuro-oncology advances | Selumetinib in pediatric patients with neurofibromatosis type 1 and plexiform neurofibroma: Propensity score analysis of SPRINT vs. natural 
  32939452 2020 Neuro-oncology advances | The MEK inhibitor selumetinib reduces spinal neurofibroma burden in patients with NF1 and plexiform neurofibromas.
  42527881 2026 Pediatric blood & cancer | Long-Term Hematologic Effects of Selumetinib Treatment in Children With Neurofibromatosis Type 1-Associated Plexiform Neurofibromas.

### [therapy] selumetinib[ti] AND plexiform[ti] AND Dombi E[au]
[pubmed] fetched 2/2
  40473450 2025 Lancet (London, England) | Efficacy and safety of selumetinib in adults with neurofibromatosis type 1 and symptomatic, inoperable plexiform neurofibromas (KOMET): a mu
  32187457 2020 The New England journal of med | Selumetinib in Children with Inoperable Plexiform Neurofibromas.
  37115514 2023 Neuro-oncology | Long-term safety and efficacy of selumetinib in children with neurofibromatosis type 1 on a phase 1/2 trial for inoperable plexiform neurofi
  39762421 2025 Nature medicine | Selumetinib in adults with NF1 and inoperable plexiform neurofibroma: a phase 2 trial.
  28029918 2016 The New England journal of med | Activity of Selumetinib in Neurofibromatosis Type 1-Related Plexiform Neurofibromas.
  35467749 2022 Neuro-oncology | Selumetinib in children with neurofibromatosis type 1 and asymptomatic inoperable plexiform neurofibroma at risk for developing tumor-relate
  40709016 2025 Neuro-oncology advances | Selumetinib in pediatric patients with neurofibromatosis type 1 and plexiform neurofibroma: Propensity score analysis of SPRINT vs. natural 
  32939452 2020 Neuro-oncology advances | The MEK inhibitor selumetinib reduces spinal neurofibroma burden in patients with NF1 and plexiform neurofibromas.

### [therapy] mirdametinib[ti] AND plexiform[tiab]
[pubmed] fetched 8/8
  39514826 2025 Journal of clinical oncology : | ReNeu: A Pivotal, Phase IIb Trial of Mirdametinib in Adults and Children With Symptomatic Neurofibromatosis Type 1-Associated Plexiform Neur
  40932001 2025 Expert opinion on investigatio | Mirdametinib, an FDA-Approved MEK1/2 inhibitor for adult and pediatric NF1-associated plexiform neurofibromas.
  40419758 2025 Drugs | Mirdametinib: First Approval.
  41497032 2026 Annals of medicine and surgery | FDA approval of mirdametinib for NF1-associated plexiform neurofibromas: clinical and regulatory perspectives.
  33507822 2021 Journal of clinical oncology : | NF106: A Neurofibromatosis Clinical Trials Consortium Phase II Trial of the MEK Inhibitor Mirdametinib (PD-0325901) in Adolescents and Adult
  41816962 2026 Expert review of anticancer th | Mirdametinib in symptomatic neurofibromatosis type 1 plexiform neurofibromas.
  41107694 2025 Cancer chemotherapy and pharma | Mirdametinib: FDA approved MEK inhibitor for neurofibromatosis type 1.
  39621958 2025 Journal of clinical oncology : | Erratum: ReNeu: A Pivotal, Phase IIb Trial of Mirdametinib in Adults and Children With Symptomatic Neurofibromatosis Type 1-Associated Plexi

### [therapy] Noonan[tiab] AND MEK[tiab] AND hypertrophic cardiomyopathy[tiab] AND trametinib[tiab]
[pubmed] fetched 8/8
  40041314 2025 Frontiers in pediatrics | Trametinib as a targeted treatment in cardiac and lymphatic presentations of Noonan syndrome.
  38432396 2024 The Canadian journal of cardio | MEK Inhibition for RASopathy-Associated Hypertrophic Cardiomyopathy: Clinical Application of a Basic Concept.
  36184070 2022 European journal of medical ge | Succesful MEK-inhibition of severe hypertrophic cardiomyopathy in RIT1-related Noonan Syndrome.
  40250900 2025 JACC. Case reports | RVOT Stenting and Trametinib in an Infant With Noonan Syndrome, Pulmonary Stenosis, and Hypertrophic Cardiomyopathy.
  38827265 2024 JACC. Case reports | Treatment of RAF1-Related Obstructive Hypertrophic Cardiomyopathy by MEK Inhibition Using Trametinib.
  42256976 2026 Clinical case reports | Trametinib Therapy for Hypertrophic Cardiomyopathy and Pulmonary Hypertension in a Child With RAF1-Related Noonan Syndrome (p.Ser257Leu): A 
  35052347 2021 Genes | MEK Inhibition in a Newborn with RAF1-Associated Noonan Syndrome Ameliorates Hypertrophic Cardiomyopathy but Is Insufficient to Revert Pulmo
  39573843 2025 ESC heart failure | Trametinib alters contractility of paediatric Noonan syndrome-associated hypertrophic myocardial tissue slices.

### [therapy] trametinib[tiab] AND (RASopathy[tiab] OR RASopathies[tiab] OR Noonan[tiab]) AND (lymphatic[tiab] OR chylothorax[tiab] OR chylous[tiab])
[pubmed] fetched 7/7
  40041314 2025 Frontiers in pediatrics | Trametinib as a targeted treatment in cardiac and lymphatic presentations of Noonan syndrome.
  40649904 2025 International journal of molec | Targeted Therapy for Complex Lymphatic Anomalies in Patients with Noonan Syndrome and Related Disorders.
  41230721 2026 Current opinion in pediatrics | Current opinions on Noonan syndrome and RASopathies.
  35999193 2022 Genes, chromosomes & cancer | Successful treatment with MEK-inhibitor in a patient with NRAS-related cutaneous skeletal hypophosphatemia syndrome.
  38929714 2024 Life (Basel, Switzerland) | Exploring New Drug Repurposing Opportunities for MEK Inhibitors in RASopathies: A Comprehensive Review of Safety, Efficacy, and Future Persp
  35605646 2022 The Journal of pediatrics | Trametinib for Refractory Chylous Effusions and Systemic Complications in Children with Noonan Syndrome.
  33219052 2020 Pediatrics | Severe Lymphatic Disorder Resolved With MEK Inhibition in a Patient With Noonan Syndrome and SOS1 Mutation.
  36238151 2022 Frontiers in genetics | Case Report: Progressive central conducting lymphatic abnormalities in the RASopathies. Two case reports, including successful treatment by 

### [therapy] Raf1 L613V[tiab] AND MEK[tiab]
[pubmed] fetched 2/2
  21339642 2011 The Journal of clinical invest | MEK-ERK pathway modulation ameliorates disease phenotypes in a mouse model of Noonan syndrome associated with the Raf1(L613V) mutation.
  42610277 2026 Circulation | Rigosertib Reverses Hypertrophic Cardiomyopathy in Noonan Syndrome.

### [therapy] MEK inhibitor[tiab] AND (Costello syndrome[tiab] OR cardiofaciocutaneous[tiab] OR cardio-facio-cutaneous[tiab])
  ! PMID 20301680 not returned by efetch
[pubmed] fetched 6/7
  29683947 2018 Journal of pediatric hematolog | Encephalocraniocutaneous Lipomatosis.
  28524213 2017 Revista de neurologia | [Update on the treatment of RASopathies].
  33624414 2021 Genes, brain, and behavior | Impaired instrumental learning in Spred1-/- mice, a model for a rare RASopathy.
  32792500 2020 Cell death & disease | Costello syndrome model mice with a HrasG12S/+ mutation are susceptible to develop house dust mite-induced atopic dermatitis.
  19915144 2009 Proceedings of the National Ac | MEK1 mutations confer resistance to MEK and B-RAF inhibition.
  39385823 2024 Frontiers in neurology | Case report: MEK inhibitor as treatment for multi-lineage mosaic KRAS G12D-associated epidermal nevus syndrome in a pediatric patient.
  17981815 2008 Human molecular genetics | Germline mutations of MEK in cardio-facio-cutaneous syndrome are sensitive to MEK and RAF inhibition: implications for therapeutic options.

### [therapy] (simvastatin[ti] OR lovastatin[ti]) AND neurofibromatosis[ti] AND (randomized[tiab] OR trial[tiab])
[pubmed] fetched 8/8
  27081657 2016 Annals of clinical and transla | A randomized placebo-controlled lovastatin trial for neurobehavioral function in neurofibromatosis I.
  27956565 2016 Neurology | Randomized placebo-controlled study of lovastatin in children with neurofibromatosis type 1.
  22433254 2012 Neuroscience letters | Lovastatin regulates brain spontaneous low-frequency brain activity in neurofibromatosis type 1.
  24088225 2013 BMC neurology | Lovastatin improves impaired synaptic plasticity and phasic alertness in patients with neurofibromatosis type 1.
  29484149 2018 Molecular autism | Randomised controlled trial of simvastatin treatment for autism in young children with neurofibromatosis type 1 (SANTA).
  35970940 2022 Scientific reports | Cortical inhibition in neurofibromatosis type 1 is modulated by lovastatin, as demonstrated by a randomized, triple-blind, placebo-controlle
  21907886 2011 Pediatric neurology | Lovastatin as treatment for neurocognitive deficits in neurofibromatosis type 1: phase I study.
  18632543 2008 JAMA | Effect of simvastatin on cognitive functioning in children with neurofibromatosis type 1: a randomized controlled trial.

### [therapy] tipifarnib[ti] AND neurofibromatosis[ti]
[pubmed] fetched 2/2
  16421428 2006 Journal of clinical oncology : | Phase I trial and pharmacokinetic study of the farnesyltransferase inhibitor tipifarnib in children with refractory solid tumors or neurofib
  24500418 2014 Neuro-oncology | Phase 2 randomized, flexible crossover, double-blinded, placebo-controlled trial of the farnesyltransferase inhibitor tipifarnib in children
