[gene] PTPN11 HGNC:9644 OMIM=['176876'] Q06124 aa=593 cds=1782
   MONDO:0100082 'LEOPARD syndrome 1' OMIM=['151100'] ORPHA=[] inh=Autosomal dominant inheritance src=['infores:omim']
   MONDO:0011908 'juvenile myelomonocytic leukemia' OMIM=['607785'] ORPHA=['86834'] inh=None src=['infores:omim', 'infores:orphanet']
   MONDO:0007979 'metachondromatosis' OMIM=['156250'] ORPHA=['2499'] inh=Autosomal dominant inheritance src=['infores:omim', 'infores:orphanet']
   MONDO:0008104 'Noonan syndrome 1' OMIM=['163950'] ORPHA=[] inh=Autosomal dominant inheritance src=['infores:omim']
   MONDO:0007893 'Noonan syndrome with multiple lentigines' OMIM=[] ORPHA=['500'] inh=None src=['infores:clingen', 'infores:orphanet']
   MONDO:0021060 'RASopathy' OMIM=[] ORPHA=[] inh=None src=['infores:clingen']
   MONDO:0018997 'Noonan syndrome' OMIM=[] ORPHA=['648'] inh=None src=['infores:clingen', 'infores:orphanet']
   ORPHA:2499 'Metachondromatosis' :: Disease-causing germline mutation(s) (loss of function) in (genes=1)
   ORPHA:500 'Noonan syndrome with multiple lentigines' :: Disease-causing germline mutation(s) in (genes=3)
   ORPHA:648 'Noonan syndrome' :: Disease-causing germline mutation(s) in (genes=15)
   ORPHA:86834 'Juvenile myelomonocytic leukemia' :: Disease-causing somatic mutation(s) in (genes=6)
   G2P=[('Noonan syndrome', 'definitive'), ('Noonan syndrome with multiple lentigines', 'definitive')]
   ClinGen=[('Costello syndrome', 'Disputed'), ('Noonan syndrome', 'Definitive'), ('Noonan syndrome with multiple lentigines', 'Definitive'), ('cardiofaciocutaneous syndrome', 'Disputed')]
[gene] SOS1 HGNC:11187 OMIM=['182530'] Q07889 aa=1333 cds=4002
   MONDO:0012547 'Noonan syndrome 4' OMIM=['610733'] ORPHA=[] inh=Autosomal dominant inheritance src=['infores:omim']
   MONDO:0007609 'fibromatosis, gingival, 1' OMIM=['135300'] ORPHA=[] inh=Autosomal dominant inheritance src=['infores:omim']
   MONDO:0018997 'Noonan syndrome' OMIM=[] ORPHA=['648'] inh=None src=['infores:clingen', 'infores:orphanet']
   MONDO:0021060 'RASopathy' OMIM=[] ORPHA=[] inh=None src=['infores:clingen']
   MONDO:0016070 'hereditary gingival fibromatosis' OMIM=[] ORPHA=['2024'] inh=None src=['infores:orphanet']
   ORPHA:2024 'Hereditary gingival fibromatosis' :: Disease-causing germline mutation(s) in (genes=3)
   ORPHA:648 'Noonan syndrome' :: Disease-causing germline mutation(s) (gain of function) in (genes=15)
   G2P=[('Noonan syndrome', 'definitive')]
   ClinGen=[('Noonan syndrome', 'Definitive'), ('cardiofaciocutaneous syndrome', 'Disputed')]
[gene] RAF1 HGNC:9829 OMIM=['164760'] P04049 aa=648 cds=1947
   MONDO:0012691 'LEOPARD syndrome 2' OMIM=['611554'] ORPHA=[] inh=Autosomal dominant inheritance src=['infores:omim']
   MONDO:0012690 'Noonan syndrome 5' OMIM=['611553'] ORPHA=[] inh=Autosomal dominant inheritance src=['infores:omim']
   MONDO:0014396 'dilated cardiomyopathy 1NN' OMIM=['615916'] ORPHA=[] inh=Autosomal dominant inheritance src=['infores:omim']
   MONDO:0018997 'Noonan syndrome' OMIM=[] ORPHA=['648'] inh=None src=['infores:clingen', 'infores:orphanet']
   MONDO:0021060 'RASopathy' OMIM=[] ORPHA=[] inh=None src=['infores:clingen']
   MONDO:0700335 'familial isolated dilated cardiomyopathy' OMIM=[] ORPHA=['154'] inh=None src=['infores:orphanet']
   MONDO:0044792 'large congenital melanocytic nevus' OMIM=[] ORPHA=['626'] inh=Typified by somatic mosaicism src=['infores:orphanet']
   MONDO:0016692 'pilomyxoid astrocytoma' OMIM=[] ORPHA=['251615'] inh=None src=['infores:orphanet']
   MONDO:0007893 'Noonan syndrome with multiple lentigines' OMIM=[] ORPHA=['500'] inh=None src=['infores:orphanet']
   ORPHA:154 'Familial isolated dilated cardiomyopathy' :: Disease-causing germline mutation(s) in (genes=55)
   ORPHA:251615 'Pilomyxoid astrocytoma' :: Part of a fusion gene in (genes=8)
   ORPHA:500 'Noonan syndrome with multiple lentigines' :: Disease-causing germline mutation(s) (gain of function) in (genes=3)
   ORPHA:626 'Large/giant congenital melanocytic nevus' :: Part of a fusion gene in (genes=7)
   ORPHA:648 'Noonan syndrome' :: Disease-causing germline mutation(s) (gain of function) in (genes=15)
   G2P=[('Noonan syndrome', 'definitive')]
   ClinGen=[('Costello syndrome', 'Disputed'), ('Noonan syndrome', 'Definitive'), ('Noonan syndrome with multiple lentigines', 'Limited'), ('cardiofaciocutaneous syndrome', 'Disputed')]
[gene] BRAF HGNC:1097 OMIM=['164757'] P15056 aa=766 cds=2301
   MONDO:0013380 'LEOPARD syndrome 3' OMIM=['613707'] ORPHA=[] inh=Autosomal dominant inheritance src=['infores:omim']
   MONDO:0007963 'melanoma, cutaneous malignant, susceptibility to, 1' OMIM=['155600'] ORPHA=[] inh=Autosomal dominant inheritance src=['infores:omim']
   MONDO:0013379 'Noonan syndrome 7' OMIM=['613706'] ORPHA=[] inh=Autosomal dominant inheritance src=['infores:omim']
   MONDO:0005575 'colorectal cancer' OMIM=['114500'] ORPHA=[] inh=None src=['infores:omim']
   MONDO:0008903 'lung cancer' OMIM=['211980'] ORPHA=[] inh=None src=['infores:omim']
   MONDO:0007265 'cardiofaciocutaneous syndrome 1' OMIM=['115150'] ORPHA=[] inh=Autosomal dominant inheritance src=['infores:omim']
   MONDO:0021060 'RASopathy' OMIM=[] ORPHA=[] inh=None src=['infores:clingen']
   MONDO:0015280 'cardiofaciocutaneous syndrome' OMIM=[] ORPHA=['1340'] inh=None src=['infores:clingen', 'infores:orphanet']
   MONDO:0018310 'Langerhans cell histiocytosis' OMIM=[] ORPHA=['389'] inh=None src=['infores:orphanet']
   MONDO:0015447 'differentiated thyroid carcinoma' OMIM=[] ORPHA=['146'] inh=None src=['infores:orphanet']
   MONDO:0009050 'Cushing disease due to pituitary adenoma' OMIM=[] ORPHA=['96253'] inh=None src=['infores:orphanet']
   MONDO:0018907 'craniopharyngioma' OMIM=[] ORPHA=['54595'] inh=None src=['infores:orphanet']
   MONDO:0018935 'hairy cell leukemia' OMIM=[] ORPHA=['58017'] inh=None src=['infores:orphanet']
   MONDO:0019392 'syringocystadenoma papilliferum' OMIM=[] ORPHA=['840'] inh=None src=['infores:orphanet']
   MONDO:0018997 'Noonan syndrome' OMIM=[] ORPHA=['648'] inh=None src=['infores:orphanet']
   MONDO:0007893 'Noonan syndrome with multiple lentigines' OMIM=[] ORPHA=['500'] inh=None src=['infores:orphanet']
   MONDO:0016692 'pilomyxoid astrocytoma' OMIM=[] ORPHA=['251615'] inh=None src=['infores:orphanet']
   MONDO:0044792 'large congenital melanocytic nevus' OMIM=[] ORPHA=['626'] inh=Typified by somatic mosaicism src=['infores:orphanet']
   ORPHA:1340 'Cardiofaciocutaneous syndrome' :: Disease-causing germline mutation(s) (gain of function) in (genes=4)
   ORPHA:146 'Differentiated thyroid carcinoma' :: Disease-causing somatic mutation(s) in (genes=29)
   ORPHA:251615 'Pilomyxoid astrocytoma' :: Disease-causing somatic mutation(s) in (genes=8)
   ORPHA:389 'Langerhans cell histiocytosis' :: None (genes=2)
   ORPHA:500 'Noonan syndrome with multiple lentigines' :: Disease-causing germline mutation(s) in (genes=3)
   ORPHA:54595 'Craniopharyngioma' :: Disease-causing somatic mutation(s) in (genes=2)
   ORPHA:58017 'Classic hairy cell leukemia' :: Disease-causing somatic mutation(s) in (genes=1)
   ORPHA:626 'Large/giant congenital melanocytic nevus' :: Disease-causing somatic mutation(s) in (genes=7)
   ORPHA:648 'Noonan syndrome' :: Disease-causing germline mutation(s) in (genes=15)
   ORPHA:687730 'Unifocal Langerhans cell histiocytosis' :: Disease-causing somatic mutation(s) in (genes=1)
   ORPHA:687733 'Pulmonary Langerhans cell histiocytosis' :: Disease-causing somatic mutation(s) in (genes=1)
   ORPHA:687738 'Single-system multifocal Langerhans cell histiocytosis' :: Disease-causing somatic mutation(s) in (genes=1)
   ORPHA:687741 'Multisystem Langerhans cell histiocytosis' :: Disease-causing somatic mutation(s) in (genes=1)
   ORPHA:840 'Syringocystadenoma papilliferum' :: Disease-causing somatic mutation(s) in (genes=1)
   ORPHA:96253 'Cushing disease' :: Disease-causing somatic mutation(s) in (genes=7)
   G2P=[('LEOPARD syndrome', 'definitive'), ('Noonan syndrome', 'definitive'), ('cardiofaciocutaneous syndrome', 'definitive')]
   ClinGen=[('Costello syndrome', 'Disputed'), ('Noonan syndrome', 'Moderate'), ('Noonan syndrome with multiple lentigines', 'Limited'), ('cardiofaciocutaneous syndrome', 'Definitive')]
[gene] KRAS HGNC:6407 OMIM=['190070'] P01116 aa=189 cds=567
   MONDO:0014112 'cardiofaciocutaneous syndrome 2' OMIM=['615278'] ORPHA=[] inh=Autosomal dominant inheritance src=['infores:omim']
   MONDO:0008903 'lung cancer' OMIM=['211980'] ORPHA=[] inh=None src=['infores:omim']
   MONDO:0007154 'arteriovenous malformations of the brain' OMIM=['108010'] ORPHA=[] inh=Typified by somatic mosaicism src=['infores:omim']
   MONDO:0001056 'gastric cancer' OMIM=['613659'] ORPHA=[] inh=Typified by somatic mosaicism src=['infores:omim']
   MONDO:0018874 'acute myeloid leukemia' OMIM=['601626'] ORPHA=[] inh=None src=['infores:omim']
   MONDO:0012371 'Noonan syndrome 3' OMIM=['609942'] ORPHA=[] inh=Autosomal dominant inheritance src=['infores:omim']
   MONDO:0008097 'linear nevus sebaceous syndrome' OMIM=['163200'] ORPHA=['2612'] inh=None src=['infores:omim', 'infores:orphanet']
   MONDO:0016419 'hereditary breast carcinoma' OMIM=['114480'] ORPHA=[] inh=None src=['infores:omim']
   MONDO:0010854 'Toriello-Lacassie-Droste syndrome' OMIM=['600268'] ORPHA=['3339'] inh=None src=['infores:omim', 'infores:orphanet']
   MONDO:0015278 'familial pancreatic carcinoma' OMIM=['260350'] ORPHA=['1333'] inh=None src=['infores:omim', 'infores:orphanet']
   MONDO:0001187 'urinary bladder cancer' OMIM=['109800'] ORPHA=[] inh=None src=['infores:omim']
   MONDO:0018997 'Noonan syndrome' OMIM=[] ORPHA=['648'] inh=None src=['infores:clingen', 'infores:orphanet']
   MONDO:0015280 'cardiofaciocutaneous syndrome' OMIM=[] ORPHA=['1340'] inh=None src=['infores:clingen', 'infores:orphanet']
   MONDO:0021060 'RASopathy' OMIM=[] ORPHA=[] inh=None src=['infores:clingen']
   MONDO:0005835 'Lynch syndrome' OMIM=[] ORPHA=['144'] inh=None src=['infores:orphanet']
   MONDO:0015447 'differentiated thyroid carcinoma' OMIM=[] ORPHA=['146'] inh=None src=['infores:orphanet']
   MONDO:0011908 'juvenile myelomonocytic leukemia' OMIM=[] ORPHA=['86834'] inh=None src=['infores:orphanet']
   MONDO:0016692 'pilomyxoid astrocytoma' OMIM=[] ORPHA=['251615'] inh=None src=['infores:orphanet']
   MONDO:0013074 'encephalocraniocutaneous lipomatosis' OMIM=[] ORPHA=['2396'] inh=None src=['infores:orphanet']
   MONDO:0013767 'autoimmune lymphoproliferative syndrome type 4' OMIM=[] ORPHA=['268114'] inh=None src=['infores:orphanet']
   ORPHA:1333 'Familial pancreatic carcinoma' :: Major susceptibility factor in (genes=9)
   ORPHA:1340 'Cardiofaciocutaneous syndrome' :: Disease-causing germline mutation(s) (gain of function) in (genes=4)
   ORPHA:144 'Lynch syndrome' :: Biomarker tested in (genes=9)
   ORPHA:146 'Differentiated thyroid carcinoma' :: Disease-causing somatic mutation(s) in (genes=29)
   ORPHA:2396 'Encephalocraniocutaneous lipomatosis' :: Candidate gene tested in (genes=2)
   ORPHA:251615 'Pilomyxoid astrocytoma' :: Disease-causing somatic mutation(s) in (genes=8)
   ORPHA:2612 'Linear nevus sebaceus syndrome' :: Disease-causing somatic mutation(s) in (genes=3)
   ORPHA:268114 'RAS-associated autoimmune leukoproliferative disease' :: Disease-causing somatic mutation(s) in (genes=2)
   ORPHA:3339 'Oculoectodermal syndrome' :: Disease-causing somatic mutation(s) in (genes=1)
   ORPHA:648 'Noonan syndrome' :: Disease-causing germline mutation(s) in (genes=15)
   ORPHA:86834 'Juvenile myelomonocytic leukemia' :: Disease-causing somatic mutation(s) in (genes=6)
   G2P=[('Noonan syndrome', 'definitive'), ('cardiofaciocutaneous syndrome', 'definitive')]
   ClinGen=[('Costello syndrome', 'Disputed'), ('Noonan syndrome', 'Definitive'), ('cardiofaciocutaneous syndrome', 'Strong')]
[gene] HRAS HGNC:5173 OMIM=['190020'] P01112 aa=189 cds=570
   MONDO:0001187 'urinary bladder cancer' OMIM=['109800'] ORPHA=[] inh=None src=['infores:omim']
   MONDO:0009026 'Costello syndrome' OMIM=['218040'] ORPHA=['3071'] inh=None src=['infores:clingen', 'infores:omim', 'infores:orphanet']
   MONDO:0008093 'nevus, epidermal' OMIM=['162900'] ORPHA=[] inh=Typified by somatic mosaicism src=['infores:omim']
   MONDO:0008097 'linear nevus sebaceous syndrome' OMIM=['163200'] ORPHA=['2612'] inh=None src=['infores:omim', 'infores:orphanet']
   MONDO:0044792 'large congenital melanocytic nevus' OMIM=['137550'] ORPHA=[] inh=Typified by somatic mosaicism src=['infores:omim']
   MONDO:0008566 'thyroid cancer, nonmedullary, 2' OMIM=['188470'] ORPHA=[] inh=None src=['infores:omim']
   MONDO:0021060 'RASopathy' OMIM=[] ORPHA=[] inh=None src=['infores:clingen']
   MONDO:0017317 'phakomatosis pigmentokeratotica' OMIM=[] ORPHA=['2874'] inh=None src=['infores:orphanet']
   MONDO:0015447 'differentiated thyroid carcinoma' OMIM=[] ORPHA=['146'] inh=None src=['infores:orphanet']
   MONDO:0019311 'wooly hair nevus' OMIM=[] ORPHA=['79414'] inh=None src=['infores:orphanet']
   ORPHA:146 'Differentiated thyroid carcinoma' :: Disease-causing somatic mutation(s) in (genes=29)
   ORPHA:2612 'Linear nevus sebaceus syndrome' :: Disease-causing somatic mutation(s) in (genes=3)
   ORPHA:2874 'Phakomatosis pigmentokeratotica' :: Disease-causing somatic mutation(s) in (genes=1)
   ORPHA:3071 'Costello syndrome' :: Disease-causing germline mutation(s) (gain of function) in (genes=1)
   ORPHA:79414 'Woolly hair nevus' :: Disease-causing somatic mutation(s) in (genes=1)
   G2P=[('Costello syndrome', 'definitive'), ('congenital myopathy with excess of muscle spindles', 'definitive')]
   ClinGen=[('Costello syndrome', 'Definitive'), ('Noonan syndrome-like disorder with loose anagen hair', 'Disputed')]
[gene] NF1 HGNC:7765 OMIM=['613113'] P21359 aa=2839 cds=8520
   MONDO:0008078 'neurofibromatosis, familial spinal' OMIM=['162210'] ORPHA=[] inh=Autosomal dominant inheritance src=['infores:omim']
   MONDO:0018975 'neurofibromatosis type 1' OMIM=['162200'] ORPHA=[] inh=Autosomal dominant inheritance src=['infores:omim']
   MONDO:0011035 'neurofibromatosis-Noonan syndrome' OMIM=['601321'] ORPHA=['638'] inh=Autosomal dominant inheritance src=['infores:omim', 'infores:orphanet']
   MONDO:0008672 'Watson syndrome' OMIM=['193520'] ORPHA=[] inh=Autosomal dominant inheritance src=['infores:omim']
   MONDO:0011908 'juvenile myelomonocytic leukemia' OMIM=['607785'] ORPHA=['86834'] inh=None src=['infores:omim', 'infores:orphanet']
   MONDO:0015350 '17q11.2 microduplication syndrome' OMIM=[] ORPHA=['139474'] inh=Autosomal dominant inheritance src=['infores:orphanet']
   MONDO:0013357 'chromosome 17q11.2 deletion syndrome, 1.4Mb' OMIM=[] ORPHA=['97685'] inh=None src=['infores:orphanet']
   MONDO:0017366 'hereditary pheochromocytoma-paraganglioma' OMIM=[] ORPHA=['29072'] inh=None src=['infores:orphanet']
   MONDO:0018208 'neurofibromatosis type 1 due to NF1 mutation or intragenic deletion' OMIM=[] ORPHA=['363700'] inh=None src=['infores:orphanet']
   MONDO:0009993 'embryonal rhabdomyosarcoma' OMIM=[] ORPHA=['99757'] inh=Autosomal recessive inheritance src=['infores:orphanet']
   MONDO:0017386 'pleomorphic rhabdomyosarcoma' OMIM=[] ORPHA=['293199'] inh=None src=['infores:orphanet']
   MONDO:0009994 'alveolar rhabdomyosarcoma' OMIM=[] ORPHA=['99756'] inh=Typified by somatic mosaicism src=['infores:orphanet']
   ORPHA:139474 '17q11.2 microduplication syndrome' :: Role in the phenotype of (genes=1)
   ORPHA:29072 'Hereditary pheochromocytoma-paraganglioma' :: Disease-causing germline mutation(s) in (genes=15)
   ORPHA:293199 'Pleomorphic rhabdomyosarcoma' :: Disease-causing somatic mutation(s) in (genes=2)
   ORPHA:363700 'Neurofibromatosis type 1 due to NF1 mutation or intragenic deletion' :: Disease-causing germline mutation(s) (loss of function) in (genes=1)
   ORPHA:634461 'Mosaic neurofibromatosis type 1' :: Disease-causing germline mutation(s) in (genes=1)
   ORPHA:638 'Neurofibromatosis-Noonan syndrome' :: Disease-causing germline mutation(s) in (genes=2)
   ORPHA:715721 'High-grade astrocytoma with piloid features' :: Biomarker tested in (genes=4)
   ORPHA:86834 'Juvenile myelomonocytic leukemia' :: Disease-causing somatic mutation(s) in (genes=6)
   ORPHA:97685 '17q11 microdeletion syndrome' :: Role in the phenotype of (genes=1)
   ORPHA:99756 'Alveolar rhabdomyosarcoma' :: Disease-causing somatic mutation(s) in (genes=5)
   ORPHA:99757 'Embryonal rhabdomyosarcoma' :: Disease-causing somatic mutation(s) in (genes=4)
   G2P=[('neurofibromatosis', 'definitive')]
   ClinGen=[('neurofibromatosis type 1', 'Definitive')]
[gene] MAP2K1 HGNC:6840 OMIM=['176872'] Q02750 aa=393 cds=1182
   MONDO:0014113 'cardiofaciocutaneous syndrome 3' OMIM=['615279'] ORPHA=[] inh=Autosomal dominant inheritance src=['infores:omim']
   MONDO:0007970 'melorheostosis' OMIM=['155950'] ORPHA=[] inh=Sporadic src=['infores:omim']
   MONDO:0015280 'cardiofaciocutaneous syndrome' OMIM=[] ORPHA=['1340'] inh=None src=['infores:clingen', 'infores:orphanet']
   MONDO:0021060 'RASopathy' OMIM=[] ORPHA=[] inh=None src=['infores:clingen']
   MONDO:0018310 'Langerhans cell histiocytosis' OMIM=[] ORPHA=['389'] inh=None src=['infores:orphanet']
   ORPHA:1340 'Cardiofaciocutaneous syndrome' :: Disease-causing germline mutation(s) (gain of function) in (genes=4)
   ORPHA:389 'Langerhans cell histiocytosis' :: Disease-causing germline mutation(s) in (genes=2)
   G2P=[('cardiofaciocutaneous syndrome', 'definitive')]
   ClinGen=[('Costello syndrome', 'Disputed'), ('Noonan syndrome', 'Limited'), ('Noonan syndrome with multiple lentigines', 'Limited'), ('cardiofaciocutaneous syndrome', 'Definitive')]
[gene] SHOC2 HGNC:15454 OMIM=['602775'] Q9UQ13 aa=582 cds=1749
   MONDO:0054637 'Noonan syndrome-like disorder with loose anagen hair 1' OMIM=['607721'] ORPHA=[] inh=Autosomal dominant inheritance src=['infores:clingen', 'infores:omim']
   MONDO:0021060 'RASopathy' OMIM=[] ORPHA=[] inh=None src=['infores:clingen']
   MONDO:0011899 'Noonan syndrome-like disorder with loose anagen hair' OMIM=[] ORPHA=['2701'] inh=None src=['infores:orphanet']
   ORPHA:2701 'Noonan syndrome-like disorder with loose anagen hair' :: Disease-causing germline mutation(s) in (genes=2)
   G2P=[('Noonan-like syndrome with loose anagen hair', 'definitive')]
   ClinGen=[('Costello syndrome', 'Disputed'), ('Noonan syndrome', 'Disputed'), ('Noonan syndrome-like disorder with loose anagen hair', 'Definitive'), ('cardiofaciocutaneous syndrome', 'Disputed')]
[gene] CBL HGNC:1541 OMIM=['165360'] P22681 aa=906 cds=2721
   MONDO:0013308 'CBL-related disorder' OMIM=['613563'] ORPHA=['363972'] inh=Autosomal dominant inheritance src=['infores:omim', 'infores:orphanet']
   MONDO:0011908 'juvenile myelomonocytic leukemia' OMIM=['607785'] ORPHA=['86834'] inh=None src=['infores:omim', 'infores:orphanet']
   MONDO:0020333 'aggressive systemic mastocytosis' OMIM=[] ORPHA=['98850'] inh=None src=['infores:orphanet']
   MONDO:0018997 'Noonan syndrome' OMIM=[] ORPHA=['648'] inh=None src=['infores:orphanet']
   ORPHA:363972 'Noonan syndrome-like disorder with juvenile myelomonocytic leukemia' :: Disease-causing germline mutation(s) in (genes=1)
   ORPHA:648 'Noonan syndrome' :: Disease-causing germline mutation(s) in (genes=15)
   ORPHA:86834 'Juvenile myelomonocytic leukemia' :: Major susceptibility factor in (genes=6)
   ORPHA:98850 'Aggressive systemic mastocytosis' :: Disease-causing somatic mutation(s) in (genes=5)
   G2P=[('Noonan syndrome-like disorder with or without juvenile myelomonocytic leukemia', 'definitive')]
   ClinGen=[('CBL-related disorder', 'Definitive')]
[gene] RIT1 HGNC:10023 OMIM=['609591'] Q9C0K0 aa=894 cds=660
   MONDO:0014143 'Noonan syndrome 8' OMIM=['615355'] ORPHA=[] inh=Autosomal dominant inheritance src=['infores:omim']
   MONDO:0021060 'RASopathy' OMIM=[] ORPHA=[] inh=None src=['infores:clingen']
   MONDO:0018997 'Noonan syndrome' OMIM=[] ORPHA=['648'] inh=None src=['infores:orphanet']
   ORPHA:648 'Noonan syndrome' :: Disease-causing germline mutation(s) (gain of function) in (genes=15)
   G2P=[('Noonan syndrome', 'definitive')]
   ClinGen=[('Noonan syndrome', 'Definitive')]
[gene] LZTR1 HGNC:6742 OMIM=['600574'] Q8N653 aa=840 cds=2523
   MONDO:0014693 'Noonan syndrome 10' OMIM=['616564'] ORPHA=[] inh=Autosomal dominant inheritance src=['infores:omim']
   MONDO:0011531 'Noonan syndrome 2' OMIM=['605275'] ORPHA=[] inh=None src=['infores:omim']
   MONDO:0021060 'RASopathy' OMIM=[] ORPHA=[] inh=None src=['infores:clingen']
   MONDO:0016682 'giant cell glioblastoma' OMIM=[] ORPHA=['251579'] inh=None src=['infores:orphanet']
   MONDO:0016681 'gliosarcoma' OMIM=[] ORPHA=['251576'] inh=None src=['infores:orphanet']
   MONDO:0008075 'schwannomatosis' OMIM=[] ORPHA=['93921'] inh=None src=['infores:orphanet']
   MONDO:0007245 'cafe au lait spots, multiple' OMIM=[] ORPHA=['2678'] inh=None src=['infores:orphanet']
   MONDO:0018997 'Noonan syndrome' OMIM=[] ORPHA=['648'] inh=None src=['infores:orphanet']
   MONDO:0014299 'LZTR1-related schwannomatosis' OMIM=['615670'] ORPHA=[] inh=None src=['infores:omim']
   ORPHA:251576 'Gliosarcoma' :: Disease-causing somatic mutation(s) in (genes=12)
   ORPHA:251579 'Giant cell glioblastoma' :: Disease-causing somatic mutation(s) in (genes=13)
   ORPHA:2678 'Familial isolated café-au-lait macules' :: Disease-causing germline mutation(s) in (genes=1)
   ORPHA:648 'Noonan syndrome' :: Disease-causing germline mutation(s) in (genes=15)
   ORPHA:93921 'Full schwannomatosis' :: Major susceptibility factor in (genes=4)
   G2P=[('Noonan syndrome (biallelic)', 'strong'), ('Noonan syndrome (monoallelic)', 'definitive'), ('breast cancer, susceptibility to', 'moderate'), ('schwannomatosis', 'definitive')]
   ClinGen=[('LZTR1-related schwannomatosis', 'Definitive'), ('Noonan syndrome', 'Definitive')]
wrote genes.json, diseases.json
