  ! PMID 20301303 not returned by efetch
[pubmed] fetched 77/78
PTPN11: count=336 fetched=80
  ! PMID 20301303 not returned by efetch
[pubmed] fetched 51/52
SOS1: count=111 fetched=80
  ! PMID 20301303 not returned by efetch
  ! PMID 20301557 not returned by efetch
[pubmed] fetched 40/42
RAF1: count=125 fetched=80
  ! PMID 20301303 not returned by efetch
  ! PMID 20301557 not returned by efetch
  ! PMID 20301365 not returned by efetch
[pubmed] fetched 48/51
BRAF: count=124 fetched=80
  ! PMID 20301303 not returned by efetch
  ! PMID 20301365 not returned by efetch
[pubmed] fetched 39/41
KRAS: count=155 fetched=80
  ! PMID 20301680 not returned by efetch
  ! PMID 40198060 not returned by efetch
[pubmed] fetched 40/42
HRAS: count=125 fetched=80
  ! PMID 20301303 not returned by efetch
  ! PMID 20301557 not returned by efetch
  ! PMID 20301365 not returned by efetch
[pubmed] fetched 29/32
MAP2K1: count=63 fetched=63
[pubmed] fetched 44/44
SHOC2: count=76 fetched=76
[pubmed] fetched 15/15
CBL: count=29 fetched=29
  ! PMID 20301303 not returned by efetch
[pubmed] fetched 37/38
RIT1: count=82 fetched=80
  ! PMID 29083784 not returned by efetch
  ! PMID 20301303 not returned by efetch
  ! PMID 29517885 not returned by efetch
[pubmed] fetched 47/50
LZTR1: count=151 fetched=80
  ! PMID 20301288 not returned by efetch
[pubmed] fetched 78/79
NF1: count=412 fetched=80
