[genes] SCN1A HGNC:10585 OMIM=['182389'] aa=2009 cds=6030 acc=P35498
[genes] SCN2A HGNC:10588 OMIM=['182390'] aa=2005 cds=6018 acc=Q99250
[genes] SCN8A HGNC:10596 OMIM=['600702'] aa=1980 cds=5943 acc=Q9UQD0
[genes] KCNQ2 HGNC:6296 OMIM=['602235'] aa=872 cds=2619 acc=O43526
[genes] KCNT1 HGNC:18865 OMIM=['608167'] aa=1230 cds=3708 acc=Q5JUK3
[genes] CACNA1A HGNC:1388 OMIM=['601011'] aa=2506 cds=7521 acc=O00555
[genes] GRIN2B HGNC:4586 OMIM=['138252'] aa=1484 cds=4455 acc=Q13224
[genes] CDKL5 HGNC:11411 OMIM=['300203'] aa=960 cds=2883 acc=O76039
[genes] SYNGAP1 HGNC:11497 OMIM=['603384'] aa=1343 cds=4032 acc=Q96PV0
[genes] SLC2A1 HGNC:11005 OMIM=['138140'] aa=492 cds=1479 acc=P11166
[diseases] SCN1A: 14 MONDO entities, 7 ORPHA codes, G2P=['definitive'] ClinGen=['definitive']
     MONDO:0011461 'generalized epilepsy with febrile seizures plus, type 2' OMIM=['604403'] ORPHA=[] ['infores:omim']
     MONDO:0012320 'migraine, familial hemiplegic, 3' OMIM=['609634'] ORPHA=[] ['infores:omim']
     MONDO:0100079 'developmental and epileptic encephalopathy, 6A' OMIM=['607208'] ORPHA=[] ['infores:omim']
     MONDO:0030268 'developmental and epileptic encephalopathy 6B' OMIM=['619317'] ORPHA=[] ['infores:omim']
     MONDO:0018214 'generalized epilepsy with febrile seizures plus' OMIM=[] ORPHA=['36387'] ['infores:clingen', 'infores:orphanet']
     MONDO:0000700 'familial hemiplegic migraine' OMIM=[] ORPHA=[] ['infores:clingen']
     MONDO:0100135 'Dravet syndrome' OMIM=[] ORPHA=[] ['infores:clingen']
     MONDO:0100062 'genetic developmental and epileptic encephalopathy' OMIM=[] ORPHA=[] ['infores:clingen']
     MONDO:0018614 'undetermined early-onset epileptic encephalopathy' OMIM=[] ORPHA=['442835'] ['infores:orphanet']
     MONDO:0011794 'obsolete Dravet syndrome' OMIM=[] ORPHA=['33069'] ['infores:orphanet']
     MONDO:0016532 'Lennox-Gastaut syndrome' OMIM=[] ORPHA=['2382'] ['infores:orphanet']
     MONDO:0014633 'epilepsy with myoclonic atonic seizures' OMIM=[] ORPHA=['1942'] ['infores:orphanet']
     MONDO:0018925 'familial or sporadic hemiplegic migraine' OMIM=[] ORPHA=['569'] ['infores:orphanet']
     MONDO:0017385 'malignant migrating partial seizures of infancy' OMIM=[] ORPHA=['293181'] ['infores:orphanet']
     ORPHA:1942 'Epilepsy with myoclonic-atonic seizures' :: Disease-causing germline mutation(s) in genes=7
     ORPHA:2382 'Lennox-Gastaut syndrome' :: Disease-causing germline mutation(s) in genes=8
     ORPHA:293181 'Epilepsy of infancy with migrating focal seizures' :: Disease-causing germline mutation(s) in genes=9
     ORPHA:33069 'Dravet syndrome' :: Disease-causing germline mutation(s) in genes=7
     ORPHA:36387 'Genetic epilepsy with febrile seizure plus' :: Disease-causing germline mutation(s) in genes=13
     ORPHA:442835 'Non-specific early-onset epileptic encephalopathy' :: Disease-causing germline mutation(s) in genes=55
     ORPHA:569 'Familial or sporadic hemiplegic migraine' :: Disease-causing germline mutation(s) in genes=4
[diseases] SCN2A: 11 MONDO entities, 9 ORPHA codes, G2P=['definitive'] ClinGen=['definitive']
     MONDO:0011904 'seizures, benign familial infantile, 3' OMIM=['607745'] ORPHA=['140927'] ['infores:omim', 'infores:orphanet']
     MONDO:0013388 'developmental and epileptic encephalopathy, 11' OMIM=['613721'] ORPHA=[] ['infores:omim']
     MONDO:0030064 'episodic ataxia, type 9' OMIM=['618924'] ORPHA=[] ['infores:omim']
     MONDO:0100038 'complex neurodevelopmental disorder' OMIM=[] ORPHA=[] ['infores:clingen']
     MONDO:0018214 'generalized epilepsy with febrile seizures plus' OMIM=[] ORPHA=['36387'] ['infores:orphanet']
     MONDO:0018097 'infantile spasms' OMIM=[] ORPHA=['697160'] ['infores:orphanet']
     MONDO:0800491 'early-infantile DEE' OMIM=[] ORPHA=['1934'] ['infores:orphanet']
     MONDO:0011794 'obsolete Dravet syndrome' OMIM=[] ORPHA=['33069'] ['infores:orphanet']
     MONDO:0017615 'benign familial infantile epilepsy' OMIM=[] ORPHA=['306'] ['infores:orphanet']
     MONDO:0016241 'alternating hemiplegia of childhood' OMIM=[] ORPHA=['2131'] ['infores:orphanet']
     MONDO:0017385 'malignant migrating partial seizures of infancy' OMIM=[] ORPHA=['293181'] ['infores:orphanet']
     ORPHA:140927 'Self-limited neonatal/infantile epilepsy' :: Disease-causing germline mutation(s) in genes=2
     ORPHA:178469 'Autosomal dominant non-syndromic intellectual disability' :: Disease-causing germline mutation(s) in genes=42
     ORPHA:1934 'Early infantile developmental and epileptic encephalopathy' :: Disease-causing germline mutation(s) (gain of function) in genes=21
     ORPHA:2131 'Alternating hemiplegia of childhood' :: Disease-causing germline mutation(s) in genes=8
     ORPHA:293181 'Epilepsy of infancy with migrating focal seizures' :: Disease-causing germline mutation(s) in genes=9
     ORPHA:306 'Self-limited infantile epilepsy' :: Disease-causing germline mutation(s) in genes=5
     ORPHA:33069 'Dravet syndrome' :: Disease-causing germline mutation(s) in genes=7
     ORPHA:36387 'Genetic epilepsy with febrile seizure plus' :: Candidate gene tested in genes=13
     ORPHA:697160 'Infantile epileptic spasms syndrome' :: Disease-causing germline mutation(s) in genes=13
  ! Orphadata failed for 352582: HTTP Error 404: NOT FOUND
[diseases] SCN8A: 9 MONDO entities, 5 ORPHA codes, G2P=['definitive'] ClinGen=['definitive']
     MONDO:0013801 'developmental and epileptic encephalopathy, 13' OMIM=['614558'] ORPHA=[] ['infores:omim']
     MONDO:0014903 'seizures, benign familial infantile, 5' OMIM=['617080'] ORPHA=[] ['infores:omim']
     MONDO:0100092 'myoclonus, familial, 2' OMIM=['618364'] ORPHA=[] ['infores:omim']
     MONDO:0013680 'cognitive impairment with or without cerebellar ataxia' OMIM=['614306'] ORPHA=[] ['infores:omim']
     MONDO:0100038 'complex neurodevelopmental disorder' OMIM=[] ORPHA=[] ['infores:clingen']
     MONDO:0015802 'autosomal dominant non-syndromic intellectual disability' OMIM=[] ORPHA=['178469'] ['infores:orphanet']
     MONDO:0011506 'familial infantile myoclonic epilepsy' OMIM=[] ORPHA=['352582'] ['infores:orphanet']
     MONDO:0018614 'undetermined early-onset epileptic encephalopathy' OMIM=[] ORPHA=['442835'] ['infores:orphanet']
     MONDO:0017615 'benign familial infantile epilepsy' OMIM=[] ORPHA=['306'] ['infores:orphanet']
     ORPHA:178469 'Autosomal dominant non-syndromic intellectual disability' :: Disease-causing germline mutation(s) in genes=42
     ORPHA:306 'Self-limited infantile epilepsy' :: Disease-causing germline mutation(s) (gain of function) in genes=5
     ORPHA:442835 'Non-specific early-onset epileptic encephalopathy' :: Disease-causing germline mutation(s) (gain of function) in genes=55
     ORPHA:86909 'Myoclonic epilepsy of infancy' :: Disease-causing germline mutation(s) in genes=3
[diseases] KCNQ2: 7 MONDO entities, 6 ORPHA codes, G2P=['definitive'] ClinGen=['definitive']
     MONDO:0007365 'seizures, benign familial neonatal, 1' OMIM=['121200'] ORPHA=[] ['infores:omim']
     MONDO:0013387 'developmental and epileptic encephalopathy, 7' OMIM=['613720'] ORPHA=['439218'] ['infores:omim', 'infores:orphanet']
     MONDO:0017615 'benign familial infantile epilepsy' OMIM=[] ORPHA=['306'] ['infores:orphanet']
     MONDO:0015802 'autosomal dominant non-syndromic intellectual disability' OMIM=[] ORPHA=['178469'] ['infores:orphanet']
     MONDO:0017385 'malignant migrating partial seizures of infancy' OMIM=[] ORPHA=['293181'] ['infores:orphanet']
     MONDO:0016027 'benign neonatal seizures' OMIM=[] ORPHA=['1949'] ['infores:orphanet']
     MONDO:0011904 'seizures, benign familial infantile, 3' OMIM=[] ORPHA=['140927'] ['infores:orphanet']
     ORPHA:140927 'Self-limited neonatal/infantile epilepsy' :: Disease-causing germline mutation(s) in genes=2
     ORPHA:178469 'Autosomal dominant non-syndromic intellectual disability' :: Disease-causing germline mutation(s) in genes=42
     ORPHA:1949 'Self-limited neonatal epilepsy' :: Disease-causing germline mutation(s) in genes=2
     ORPHA:293181 'Epilepsy of infancy with migrating focal seizures' :: Disease-causing germline mutation(s) in genes=9
     ORPHA:306 'Self-limited infantile epilepsy' :: Disease-causing germline mutation(s) in genes=5
     ORPHA:439218 'KCNQ2-related developmental and epileptic encephalopathy' :: Disease-causing germline mutation(s) in genes=1
[diseases] KCNT1: 4 MONDO entities, 2 ORPHA codes, G2P=['definitive'] ClinGen=['definitive']
     MONDO:0014002 'autosomal dominant nocturnal frontal lobe epilepsy 5' OMIM=['615005'] ORPHA=[] ['infores:omim']
     MONDO:0013989 'developmental and epileptic encephalopathy, 14' OMIM=['614959'] ORPHA=[] ['infores:omim']
     MONDO:0000030 'familial sleep-related hypermotor epilepsy' OMIM=[] ORPHA=['98784'] ['infores:orphanet']
     MONDO:0017385 'malignant migrating partial seizures of infancy' OMIM=[] ORPHA=['293181'] ['infores:orphanet']
     ORPHA:293181 'Epilepsy of infancy with migrating focal seizures' :: Disease-causing germline mutation(s) (gain of function) in genes=9
     ORPHA:98784 'Sleep-related hypermotor epilepsy' :: Disease-causing germline mutation(s) in genes=7
[diseases] CACNA1A: 9 MONDO entities, 7 ORPHA codes, G2P=['strong'] ClinGen=[]
     MONDO:0020756 'migraine, familial hemiplegic, 1' OMIM=['141500'] ORPHA=[] ['infores:omim']
     MONDO:0014917 'developmental and epileptic encephalopathy, 42' OMIM=['617106'] ORPHA=[] ['infores:omim']
     MONDO:0007163 'episodic ataxia type 2' OMIM=['108500'] ORPHA=['97'] ['infores:omim', 'infores:orphanet']
     MONDO:0008457 'spinocerebellar ataxia type 6' OMIM=['183086'] ORPHA=['98758'] ['infores:omim', 'infores:orphanet']
     MONDO:0019113 'benign paroxysmal torticollis of infancy' OMIM=[] ORPHA=['71518'] ['infores:orphanet']
     MONDO:0018614 'undetermined early-onset epileptic encephalopathy' OMIM=[] ORPHA=['442835'] ['infores:orphanet']
     MONDO:0018925 'familial or sporadic hemiplegic migraine' OMIM=[] ORPHA=['569'] ['infores:orphanet']
     MONDO:0016241 'alternating hemiplegia of childhood' OMIM=[] ORPHA=['2131'] ['infores:orphanet']
     MONDO:0016532 'Lennox-Gastaut syndrome' OMIM=[] ORPHA=['2382'] ['infores:orphanet']
     ORPHA:2131 'Alternating hemiplegia of childhood' :: Candidate gene tested in genes=8
     ORPHA:2382 'Lennox-Gastaut syndrome' :: Disease-causing germline mutation(s) (loss of function) in genes=8
     ORPHA:442835 'Non-specific early-onset epileptic encephalopathy' :: Disease-causing germline mutation(s) in genes=55
     ORPHA:569 'Familial or sporadic hemiplegic migraine' :: Disease-causing germline mutation(s) in genes=4
     ORPHA:71518 'Benign paroxysmal torticollis of infancy' :: Disease-causing germline mutation(s) in genes=1
     ORPHA:97 'Familial paroxysmal ataxia' :: Disease-causing germline mutation(s) (loss of function) in genes=1
     ORPHA:98758 'Spinocerebellar ataxia type 6' :: Disease-causing germline mutation(s) in genes=1
[diseases] GRIN2B: 3 MONDO entities, 2 ORPHA codes, G2P=['definitive'] ClinGen=['definitive']
     MONDO:0013509 'intellectual disability, autosomal dominant 6' OMIM=['613970'] ORPHA=['589547'] ['infores:omim', 'infores:orphanet']
     MONDO:0014505 'developmental and epileptic encephalopathy, 27' OMIM=['616139'] ORPHA=[] ['infores:omim']
     MONDO:0018097 'infantile spasms' OMIM=[] ORPHA=['697160'] ['infores:orphanet']
     ORPHA:589547 'GRIN2B-related developmental delay, intellectual disability and autism spectrum disorder' :: Disease-causing germline mutation(s) in genes=1
     ORPHA:697160 'Infantile epileptic spasms syndrome' :: Disease-causing germline mutation(s) (gain of function) in genes=13
[diseases] CDKL5: 6 MONDO entities, 4 ORPHA codes, G2P=['definitive'] ClinGen=['definitive']
     MONDO:0010396 'developmental and epileptic encephalopathy, 2' OMIM=['300672'] ORPHA=['505652'] ['infores:omim', 'infores:orphanet']
     MONDO:0010725 'X-linked retinoschisis' OMIM=[] ORPHA=[] ['infores:clingen']
     MONDO:0100039 'CDKL5 disorder' OMIM=[] ORPHA=[] ['infores:clingen']
     MONDO:0017746 'atypical Rett syndrome' OMIM=[] ORPHA=['3095'] ['infores:orphanet']
     MONDO:0018097 'infantile spasms' OMIM=[] ORPHA=['697160'] ['infores:orphanet']
     MONDO:0800491 'early-infantile DEE' OMIM=[] ORPHA=['1934'] ['infores:orphanet']
     ORPHA:1934 'Early infantile developmental and epileptic encephalopathy' :: Disease-causing germline mutation(s) in genes=21
     ORPHA:3095 'Atypical Rett syndrome' :: Disease-causing germline mutation(s) in genes=5
     ORPHA:505652 'CDKL5-deficiency disorder' :: Disease-causing germline mutation(s) in genes=1
     ORPHA:697160 'Infantile epileptic spasms syndrome' :: Disease-causing germline mutation(s) in genes=13
[diseases] SYNGAP1: 3 MONDO entities, 3 ORPHA codes, G2P=['definitive'] ClinGen=['definitive']
     MONDO:0012960 'intellectual disability, autosomal dominant 5' OMIM=['612621'] ORPHA=['544254'] ['infores:omim', 'infores:orphanet']
     MONDO:0018614 'undetermined early-onset epileptic encephalopathy' OMIM=[] ORPHA=['442835'] ['infores:orphanet']
     MONDO:0014633 'epilepsy with myoclonic atonic seizures' OMIM=[] ORPHA=['1942'] ['infores:orphanet']
     ORPHA:1942 'Epilepsy with myoclonic-atonic seizures' :: Disease-causing germline mutation(s) in genes=7
     ORPHA:442835 'Non-specific early-onset epileptic encephalopathy' :: Candidate gene tested in genes=55
     ORPHA:544254 'SYNGAP1-related developmental and epileptic encephalopathy' :: Disease-causing germline mutation(s) in genes=1
[diseases] SLC2A1: 8 MONDO entities, 7 ORPHA codes, G2P=['definitive'] ClinGen=['definitive']
     MONDO:0012143 'hereditary cryohydrocytosis with reduced stomatin' OMIM=['608885'] ORPHA=['168577'] ['infores:omim', 'infores:orphanet']
     MONDO:0010983 'dystonia 9' OMIM=['601042'] ORPHA=['53583'] ['infores:omim', 'infores:orphanet']
     MONDO:0011724 'encephalopathy due to GLUT1 deficiency' OMIM=['606777'] ORPHA=['71277'] ['infores:omim', 'infores:orphanet']
     MONDO:0012805 'childhood onset GLUT1 deficiency syndrome 2' OMIM=['612126'] ORPHA=['98811'] ['infores:omim', 'infores:orphanet']
     MONDO:0013919 'epilepsy, idiopathic generalized, susceptibility to, 12' OMIM=['614847'] ORPHA=[] ['infores:omim']
     MONDO:0019487 'epilepsy with myoclonic absences' OMIM=[] ORPHA=['86911'] ['infores:orphanet']
     MONDO:0014633 'epilepsy with myoclonic atonic seizures' OMIM=[] ORPHA=['1942'] ['infores:orphanet']
     MONDO:0016241 'alternating hemiplegia of childhood' OMIM=[] ORPHA=['2131'] ['infores:orphanet']
     ORPHA:168577 'Hereditary cryohydrocytosis with reduced stomatin' :: Disease-causing germline mutation(s) in genes=1
     ORPHA:1942 'Epilepsy with myoclonic-atonic seizures' :: Disease-causing germline mutation(s) in genes=7
     ORPHA:2131 'Alternating hemiplegia of childhood' :: Disease-causing germline mutation(s) in genes=8
     ORPHA:53583 'Paroxysmal dystonic choreathetosis with episodic ataxia and spasticity' :: Disease-causing germline mutation(s) in genes=1
     ORPHA:71277 'Classic glucose transporter type 1 deficiency syndrome' :: Disease-causing germline mutation(s) (loss of function) in genes=1
     ORPHA:86911 'Epilepsy with myoclonic absences' :: Disease-causing germline mutation(s) in genes=1
     ORPHA:98811 'Paroxysmal exertion-induced dyskinesia' :: Disease-causing germline mutation(s) in genes=2
