  SCN1A    -> voltage-gated-sodium-channel-activity      conf=0.9 
  SCN1A    -> action-potential                           conf=0.9 
  SCN2A    -> voltage-gated-sodium-channel-activity      conf=0.9 
  SCN2A    -> action-potential                           conf=0.9 
  SCN8A    -> voltage-gated-sodium-channel-activity      conf=0.9 
  SCN8A    -> action-potential                           conf=0.9 
  KCNQ2    -> potassium-channel-activity                 conf=0.9 
  KCNQ2    -> action-potential                           conf=0.8 
  KCNT1    -> potassium-channel-activity                 conf=0.9 
  CACNA1A  -> voltage-gated-calcium-channel-activity     conf=0.9 
  GRIN2B   -> nmda-receptor-activity                     conf=0.9 
  GRIN2B   -> regulation-of-synaptic-plasticity          conf=0.8 
  CDKL5    -> protein-serine-threonine-kinase-activity   conf=0.9 
  SYNGAP1  -> regulation-of-synaptic-plasticity          conf=0.7 
  SYNGAP1  -> negative-regulation-of-ras-signaling       conf=0.7 
  SLC2A1   -> glucose-transmembrane-transport            conf=0.9 
  SNAP25   -> potassium-channel-activity                 conf=0.6 CROSS-FAMILY
  VAMP2    -> potassium-channel-activity                 conf=0.7 CROSS-FAMILY
  VAMP2    -> regulation-of-synaptic-plasticity          conf=0.7 CROSS-FAMILY
mechanism(process) nodes=9 participates_in=19
